../Core/Src/main.c:63:6:HAL_ADC_ConvCpltCallback	16	static
../Core/Src/main.c:87:5:main	8	static
../Core/Src/main.c:140:6:SystemClock_Config	88	static
../Core/Src/main.c:196:13:MX_ADC1_Init	24	static
../Core/Src/main.c:246:13:MX_TIM2_Init	32	static
../Core/Src/main.c:297:13:MX_GPIO_Init	40	static
../Core/Src/main.c:351:9:ManualButton_Debounce	16	static
../Core/Src/main.c:376:6:setTimer	16	static
../Core/Src/main.c:380:9:checkTimer	24	static
../Core/Src/main.c:392:6:Error_Handler	4	static,ignoring_inline_asm
