12:00:41 **** Incremental Build of configuration Debug for project Controller ****
make -j20 all 
arm-none-eabi-gcc "../Core/Src/QS_Switch.c" -mcpu=cortex-m3 -std=gnu11 -g3 -DDEBUG -DUSE_HAL_DRIVER -DSTM32F103x6 -c -I../Core/Inc -I../Drivers/STM32F1xx_HAL_Driver/Inc/Legacy -I../Drivers/STM32F1xx_HAL_Driver/Inc -I../Drivers/CMSIS/Device/ST/STM32F1xx/Include -I../Drivers/CMSIS/Include -O0 -ffunction-sections -fdata-sections -Wall -fstack-usage -fcyclomatic-complexity -MMD -MP -MF"Core/Src/QS_Switch.d" -MT"Core/Src/QS_Switch.o" --specs=nano.specs -mfloat-abi=soft -mthumb -o "Core/Src/QS_Switch.o"
arm-none-eabi-gcc -o "Controller.elf" @"objects.list"   -mcpu=cortex-m3 -T"C:\Users\0163022\STM32CubeIDE\workspace_1.14.1\Controller\STM32F103C6TX_FLASH.ld" --specs=nosys.specs -Wl,-Map="Controller.map" -Wl,--gc-sections -static --specs=nano.specs -mfloat-abi=soft -mthumb -Wl,--start-group -lc -lm -Wl,--end-group
Finished building target: Controller.elf
 
arm-none-eabi-size  Controller.elf 
arm-none-eabi-objdump -h -S Controller.elf  > "Controller.list"
   text	   data	    bss	    dec	    hex	filename
   7960	     20	   1700	   9680	   25d0	Controller.elf
Finished building: default.size.stdout
 
Finished building: Controller.list
 

12:00:42 Build Finished. 0 errors, 0 warnings. (took 754ms)

